<?xml version="1.0" encoding="UTF-8"?><orders>
  <order id="100">
    <product id="EVENT02" stylist="Celeste Pulchritudo">
      <price currency="USD">149.99</price>
      Makeover
    </product>
    <product id="EVENT01" stylist="Celeste Pulchritudo">
      <price currency="USD">119.99</price>
      Eyeshadow Masterclass
    </product>
    <product id="EVENT01" stylist="Celeste Pulchritudo">
      <price currency="USD">119.99</price>
      Eyeshadow Masterclass
    </product>
  </order>
  <order id="200">
    <product id="LIPSTICK01" weight="30">
      <price currency="USD">14.99</price>
      Cherry Bloom
    </product>
  </order>
</orders>
