<?xml version="1.0" encoding="UTF-8"?><orderTax>
  <order date="2018-09-01T00:00Z">
    <product id="EVENT02">Makeover</product>
    <product id="EVENT01">Eyeshadow Masterclass</product>
    <orderTax currency="USD">87.50</orderTax>
  </order>
  <order date="2017-09-01T00:00Z">
    <product id="LIPSTICK01">Cherry Bloom</product>
    <orderTax currency="USD">12.62</orderTax>
  </order>
  100.12
</orderTax>
